[www.accordproject.org/index.html]
[backblue.gif]
[fade.gif]
[index.html]
[www.accordproject.org/wp-content/themes/accord-project/static/css/main.css]
[www.accordproject.org/wp-includes/css/dist/block-library/style.min9dff.css]
[www.accordproject.org/feed/index.html]
[www.accordproject.org/wp-content/plugins/contact-form-7/includes/css/stylesb62d.css]
[www.accordproject.org/wp-json/oembed/1.0/embed40fe.json]
[www.accordproject.org/wp-json/oembed/1.0/embedd6fc]
[www.accordproject.org/news/index.html]
[www.accordproject.org/frequently-asked-questions/index.html]
[www.accordproject.org/about/index.html]
[www.accordproject.org/membership/index.html]
[www.accordproject.org/events/index.html]
[www.accordproject.org/working-groups/technology/index.html]
[www.accordproject.org/liwg/index.html]
[img.accordproject.org/wp-content/uploads/2019/09/19200836/cicero-logo-black.png]
[www.accordproject.org/projects/cicero/index.html]
[img.accordproject.org/wp-content/uploads/2019/05/31190905/ergo1.png]
[www.accordproject.org/projects/ergo/index.html]
[img.accordproject.org/wp-content/uploads/2019/09/19203742/concerto-temp-black-med.png]
[www.accordproject.org/projects/concerto/index.html]
[img.accordproject.org/wp-content/uploads/2019/06/10193027/feat-code-294x186.png]
[img.accordproject.org/wp-content/uploads/2019/06/10193048/feat-window-294x186.png]
[img.accordproject.org/wp-content/uploads/2019/06/10183912/feat-people-2-294x186.png]
[www.accordproject.org/projects/template-studio/index.html]
[img.accordproject.org/wp-content/uploads/2019/04/cicero-xl-131x25.png]
[img.accordproject.org/wp-content/uploads/2019/05/31162821/ergo-104x25.png]
[img.accordproject.org/wp-content/uploads/2019/05/31163246/templatestudio-272x25.png]
[img.accordproject.org/wp-content/uploads/2019/11/01150221/TemplateStudio.png]
[img.accordproject.org/wp-content/uploads/2019/06/10204613/docusign-192x56.png]
[img.accordproject.org/wp-content/uploads/2019/06/06052101/Dentonsfeat2-192x56.png]
[img.accordproject.org/wp-content/uploads/2019/06/06052102/hyperledger@feat2-192x56.png]
[img.accordproject.org/wp-content/uploads/2019/06/06052405/IBMfeat3-192x56.png]
[img.accordproject.org/wp-content/uploads/2019/06/06052103/Sweetbridgefeat2-192x56.png]
[img.accordproject.org/wp-content/uploads/2019/06/03210031/Accord_illustration_logos.png]
[www.accordproject.org/news/first-quarter-2020-update/index.html]
[www.accordproject.org/news/fourth-quarter-2019-update/index.html]
[www.accordproject.org/events/hacktoberfest-2019/index.html]
[www.accordproject.org/press-center/index.html]
[www.accordproject.org/wp-content/themes/accord-project/static/assets/images/linux-foundation.png]
[www.accordproject.org/privacy/index.html]
[www.accordproject.org/wp-content/themes/accord-project/static/js/modernizr.js]
[www.accordproject.org/wp-content/plugins/contact-form-7/includes/js/scriptsb62d.js]
[www.google.com/recaptcha/api1958.js]
[www.accordproject.org/wp-content/themes/accord-project/static/js/main.js]
[www.accordproject.org/wp-includes/js/wp-embed.min9dff.js]
[www.accordproject.org/index.html]
[www.accordproject.org/xmlrpc.php]
[www.accordproject.org/wp-content/themes/accord-project/static/assets/images/dots.png]
[www.accordproject.org/wp-content/themes/accord-project/static/assets/images/arrow-right.png]
[www.accordproject.org/wp-content/themes/accord-project/static/assets/images/toolbar.png]
[www.accordproject.org/wp-content/themes/accord-project/static/assets/images/toolbar-mobile.png]
[www.accordproject.org/wp-content/themes/accord-project/static/assets/images/background.jpg]
[www.accordproject.org/wp-content/themes/accord-project/static/assets/images/background-mobile.jpg]
[www.accordproject.org/wp-content/themes/accord-project/static/assets/images/noise.png]
[www.accordproject.org/wp-content/themes/accord-project/static/assets/images/quote.png]
[www.accordproject.org/wp-content/themes/accord-project/static/assets/images/play.png]
[www.accordproject.org/wp-content/themes/accord-project/static/assets/images/background-grey.jpg]
[www.accordproject.org/wp-content/themes/accord-project/static/assets/images/background-grey-mobile.jpg]
[www.accordproject.org/wp-content/themes/accord-project/static/assets/fonts/Graphik-400.woff2]
[www.accordproject.org/wp-content/themes/accord-project/static/assets/fonts/Graphik-400.woff]
[www.accordproject.org/wp-content/themes/accord-project/static/assets/fonts/Graphik-500.woff2]
[www.accordproject.org/wp-content/themes/accord-project/static/assets/fonts/Graphik-500.woff]
[www.accordproject.org/wp-content/themes/accord-project/static/assets/fonts/Graphik-600.woff2]
[www.accordproject.org/wp-content/themes/accord-project/static/assets/fonts/Graphik-600.woff]
[www.accordproject.org/wp-content/themes/accord-project/static/assets/fonts/Graphik-400-Italic.woff2]
[www.accordproject.org/wp-content/themes/accord-project/static/assets/fonts/Graphik-400-Italic.woff]
[www.accordproject.org/wp-content/themes/accord-project/static/assets/fonts/Graphik-200.woff2]
[www.accordproject.org/wp-content/themes/accord-project/static/assets/fonts/Graphik-200.woff]
[www.accordproject.org/wp-content/themes/accord-project/static/assets/fonts/Graphik-300.woff2]
[www.accordproject.org/wp-content/themes/accord-project/static/assets/fonts/Graphik-300.woff]
[www.accordproject.org/wp-content/themes/accord-project/static/assets/fonts/Merriweather-300-Italic.woff2]
[www.accordproject.org/wp-content/themes/accord-project/static/assets/fonts/Merriweather-300-Italic.woff]
[www.accordproject.org/wp-content/themes/accord-project/static/css/main.css]
[www.accordproject.org/wp-includes/css/dist/block-library/style.min9dff.css]
[www.accordproject.org/wp-content/plugins/contact-form-7/images/ajax-loader.gif]
[www.accordproject.org/wp-content/plugins/contact-form-7/includes/css/stylesb62d.css]
[www.accordproject.org/wp-content/themes/accord-project/static/assets/spritesheet.svg]
[www.accordproject.org/wp-json/oembed/1.0/embede13d.json]
[www.accordproject.org/wp-json/oembed/1.0/embed3792]
[www.accordproject.org/wp-content/themes/accord-project/static/assets/images/about/header-about-illustration.png]
[img.accordproject.org/wp-content/uploads/2019/06/10193016/feat-agreement.png]
[img.accordproject.org/wp-content/uploads/2019/06/10193043/feat-share.png]
[img.accordproject.org/wp-content/uploads/2019/06/10193029/feat-common.png]
[img.accordproject.org/wp-content/uploads/2019/06/10193031/feat-connection.png]
[img.accordproject.org/wp-content/uploads/2019/06/10193046/feat-UI-2.png]
[img.accordproject.org/wp-content/uploads/2019/06/10193037/feat-people-3.png]
[img.accordproject.org/wp-content/uploads/2019/05/31181810/Bolero@2x.png]
[img.accordproject.org/wp-content/uploads/2019/05/31182056/bp3@2x.png]
[img.accordproject.org/wp-content/uploads/2019/05/31185125/CLAUSE_Logo_horizontal_color_light_BG.png]
[img.accordproject.org/wp-content/uploads/2019/05/31180610/hyperledger@2x.png]
[img.accordproject.org/wp-content/uploads/2019/05/31181007/iaccm@2x.png]
[img.accordproject.org/wp-content/uploads/2019/05/31181811/InternetBar@2x.png]
[img.accordproject.org/wp-content/uploads/2019/05/31181022/ieee@2x.png]
[img.accordproject.org/wp-content/uploads/2019/05/31181447/oix@2x.png]
[img.accordproject.org/wp-content/uploads/2019/05/31181646/scl@2x.png]
[img.accordproject.org/wp-content/uploads/2019/05/31181812/sovrin@2x.png]
[img.accordproject.org/wp-content/uploads/2019/05/31181812/Sweetbridge@2x.png]
[img.accordproject.org/wp-content/uploads/2019/05/31181813/trustediotalliance@2x.png]
[img.accordproject.org/wp-content/uploads/2019/05/31182329/BootstrapLegal@2x.png]
[img.accordproject.org/wp-content/uploads/2019/07/13131111/chainlink.jpg]
[img.accordproject.org/wp-content/uploads/2019/05/31182329/Clio@2x.png]
[img.accordproject.org/wp-content/uploads/2019/06/21173549/Digital_Asset_Logo_Blue-1.png]
[img.accordproject.org/wp-content/uploads/2019/06/24155122/docusign.png]
[img.accordproject.org/wp-content/uploads/2019/05/31182330/IBM@2x.png]
[img.accordproject.org/wp-content/uploads/2019/05/31182331/Monax@2x.png]
[img.accordproject.org/wp-content/uploads/2019/05/31182332/NetDocuments@2x.png]
[img.accordproject.org/wp-content/uploads/2019/06/24205930/quant-logo.png]
[img.accordproject.org/wp-content/uploads/2019/05/31182333/R3@2x.png]
[img.accordproject.org/wp-content/uploads/2019/05/31182334/Sweetbridge@2x.png]
[img.accordproject.org/wp-content/uploads/2019/05/31182629/AutonomousNext@2x.png]
[img.accordproject.org/wp-content/uploads/2019/05/31182629/ChapterOneVentures@2x.png]
[img.accordproject.org/wp-content/uploads/2019/09/23133041/Delos-Logo.png.png]
[img.accordproject.org/wp-content/uploads/2019/05/31182630/DF@2x.png]
[img.accordproject.org/wp-content/uploads/2019/05/31182631/DraperEsprit@2x.png]
[img.accordproject.org/wp-content/uploads/2019/05/31182632/EulerHermes@2x.png]
[img.accordproject.org/wp-content/uploads/2019/05/31182633/FLIP@2x.png]
[img.accordproject.org/wp-content/uploads/2019/06/24210843/fuel-ventures.png]
[img.accordproject.org/wp-content/uploads/2019/05/31182634/JAMS@2x.png]
[img.accordproject.org/wp-content/uploads/2019/05/31182634/Lakestar@2x.png]
[img.accordproject.org/wp-content/uploads/2019/06/24211620/outlier-ventures.png]
[img.accordproject.org/wp-content/uploads/2019/05/31182635/Seedcamp@2x.png]
[img.accordproject.org/wp-content/uploads/2019/05/31182637/StandardChartered@2x.png]
[img.accordproject.org/wp-content/uploads/2019/05/31182637/W3C@2x.png]
[img.accordproject.org/wp-content/uploads/2019/06/24211907/wsba.png]
[img.accordproject.org/wp-content/uploads/2019/05/31184431/AllenOvery@2x.png]
[img.accordproject.org/wp-content/uploads/2019/05/31183022/Ashurst@2x.png]
[img.accordproject.org/wp-content/uploads/2019/05/31183022/Atrium@2x.jpg]
[img.accordproject.org/wp-content/uploads/2019/05/31183022/BakerDonelson@2x.png]
[img.accordproject.org/wp-content/uploads/2019/05/31184447/BakerHostetler@2x.png]
[img.accordproject.org/wp-content/uploads/2019/05/31183023/BakerMcKenzie@2x.png]
[img.accordproject.org/wp-content/uploads/2019/05/31183024/BlankRome@2x.png]
[img.accordproject.org/wp-content/uploads/2019/05/31183026/Caldwell-IP@2x.png]
[img.accordproject.org/wp-content/uploads/2019/05/31183026/CKR@2x.png]
[img.accordproject.org/wp-content/uploads/2019/05/31183027/CliffordChance@2x.png]
[img.accordproject.org/wp-content/uploads/2019/05/31183028/ClydeCo@2x.png]
[img.accordproject.org/wp-content/uploads/2019/05/31183028/CMS@2x.png]
[img.accordproject.org/wp-content/uploads/2019/05/31183029/Cooley@2x.png]
[img.accordproject.org/wp-content/uploads/2019/05/31183030/Corrs@2x.png]
[img.accordproject.org/wp-content/uploads/2019/05/31183031/Debevoise@2x.png]
[img.accordproject.org/wp-content/uploads/2019/05/31183032/Dentons@2x.png]
[img.accordproject.org/wp-content/uploads/2019/05/31183032/DLAPiper@2x.png]
[img.accordproject.org/wp-content/uploads/2019/05/31183033/DWF@2x.png]
[img.accordproject.org/wp-content/uploads/2019/05/31183034/Erdos@2x.png]
[img.accordproject.org/wp-content/uploads/2019/05/31183035/Fasken@2x.png]
[img.accordproject.org/wp-content/uploads/2019/05/31184532/Freshfields@2x.png]
[img.accordproject.org/wp-content/uploads/2019/05/31183036/holland_and_knight_71117_1553@2x.png]
[img.accordproject.org/wp-content/uploads/2019/05/31183036/Kennedys@2x.png]
[img.accordproject.org/wp-content/uploads/2019/05/31183037/KLGates@2x.png]
[img.accordproject.org/wp-content/uploads/2019/07/11204707/lathamlogo17px.png]
[img.accordproject.org/wp-content/uploads/2019/05/31183038/Linklaters@2x.png]
[img.accordproject.org/wp-content/uploads/2019/05/31183038/LockeLord@2x.png]
[img.accordproject.org/wp-content/uploads/2019/05/31183040/Lowenstein@2x.png]
[img.accordproject.org/wp-content/uploads/2019/05/31183040/Macfarlanes@2x.png]
[img.accordproject.org/wp-content/uploads/2019/05/31183041/MDR@2x.png]
[img.accordproject.org/wp-content/uploads/2019/05/31183042/MillsReeve@2x.png]
[img.accordproject.org/wp-content/uploads/2019/06/24212959/Morrison2x.png]
[img.accordproject.org/wp-content/uploads/2019/05/31183045/MWE@2x.png]
[img.accordproject.org/wp-content/uploads/2019/05/31183046/NortonRose@2x.png]
[img.accordproject.org/wp-content/uploads/2019/05/31183046/Orrick@2x.png]
[img.accordproject.org/wp-content/uploads/2019/05/31183047/PerkinsCoie@2x.png]
[img.accordproject.org/wp-content/uploads/2019/05/31183048/Pillsbury@2x.png]
[img.accordproject.org/wp-content/uploads/2019/05/31183049/PinsentMasons@2x.png]
[img.accordproject.org/wp-content/uploads/2019/05/31183050/SJ@2x.png]
[img.accordproject.org/wp-content/uploads/2019/05/31184330/SimmonsSimmons@2x.png]
[img.accordproject.org/wp-content/uploads/2019/05/31184344/SlaughterMay@2x.png]
[img.accordproject.org/wp-content/uploads/2019/05/31183051/SullivanCromwell@2x.png]
[img.accordproject.org/wp-content/uploads/2019/05/31183051/Waller@2x.png]
[img.accordproject.org/wp-content/uploads/2019/05/31183052/WavelengthLaw@2x.png]
[img.accordproject.org/wp-content/uploads/2019/05/31183053/WombleBondDickinson@2x.png]
[www.accordproject.org/about/index.html]
[www.accordproject.org/news/category/press-release/index.html]
[www.accordproject.org/news/category/in-the-news/index.html]
[www.accordproject.org/news/category/blog/index.html]
[www.accordproject.org/news/category/release-notes/index.html]
[img.accordproject.org/wp-content/uploads/2020/03/03155608/AP-quarter-update-01-360x190.png]
[www.accordproject.org/news/category/event-content/index.html]
[img.accordproject.org/wp-content/uploads/2019/11/12155900/AP-Q4-2019-360x190.png]
[www.accordproject.org/news/cicero-020/index.html]
[img.accordproject.org/wp-content/uploads/2019/11/06170145/ciceromark1.jpg]
[www.accordproject.org/news/hacktoberfest-2019-completion/index.html]
[img.accordproject.org/wp-content/uploads/2019/10/31195440/logo-hf19-full-10f3c000cea930c76acc1dedc516ea7118b95353220869a3051848e45ff1d656-360x190.png]
[img.accordproject.org/wp-content/uploads/2019/10/01182757/featured-image_featured-image-360x190.png]
[www.accordproject.org/news/hacktoberfest2019-registration-open/index.html]
[www.accordproject.org/news/strongly-typed-data-for-javascript-and-beyond/index.html]
[img.accordproject.org/wp-content/uploads/2019/09/02081023/Screenshot-2019-10-02-at-09.09.33-360x190.png]
[www.accordproject.org/news/index.html]
[www.accordproject.org/news/third-quarter-2019-update/index.html]
[www.accordproject.org/news/smart-legal-contracts-on-corda/index.html]
[www.accordproject.org/wp-json/oembed/1.0/embedbd5d.json]
[www.accordproject.org/news/page/3/index.html]
[www.accordproject.org/news/accord-project-forum-recordings/index.html]
[www.accordproject.org/wp-json/oembed/1.0/embed22a3]
[www.accordproject.org/frequently-asked-questions/index.html]
[www.accordproject.org/news/page/2/index.html]
[www.accordproject.org/wp-json/oembed/1.0/embed321e.json]
[www.accordproject.org/wp-json/oembed/1.0/embedbee3]
[www.accordproject.org/membership/index.html]
[www.accordproject.org/events/index.html]
[www.accordproject.org/events/category/conference/index.html]
[www.accordproject.org/wp-json/oembed/1.0/embed80d2.json]
[www.accordproject.org/events/category/hack/index.html]
[www.accordproject.org/wp-json/oembed/1.0/embedaeb3]
[www.accordproject.org/working-groups/index.html]
[img.accordproject.org/wp-content/uploads/2019/05/11160519/Jerome-170x170.png]
[www.accordproject.org/working-groups/technology/index.html]
[www.accordproject.org/wp-json/oembed/1.0/embed33a6.json]
[www.accordproject.org/wp-json/oembed/1.0/embed0247]
[www.accordproject.org/liwg/index.html]
[www.accordproject.org/signup.html]
[www.accordproject.org/wp-json/oembed/1.0/embed10ba.json]
[www.accordproject.org/working-groups/dispute-resolution/index.html]
[www.accordproject.org/working-groups/real-estate/index.html]
[www.accordproject.org/wp-json/oembed/1.0/embedf382]
[img.accordproject.org/wp-content/uploads/2019/05/03223807/CiceroWhite-168x32.png]
[img.accordproject.org/wp-content/uploads/2019/06/10193050/feature-mockup.png]
[img.accordproject.org/wp-content/uploads/2019/05/19204415/ergo-black-center-107x26.png]
[img.accordproject.org/wp-content/uploads/2019/06/06003635/templatestudiotall2-107x26.png]
[www.accordproject.org/projects/cicero/index.html]
[www.accordproject.org/wp-json/oembed/1.0/embedae62.json]
[www.accordproject.org/wp-json/oembed/1.0/embed391f]
[img.accordproject.org/wp-content/uploads/2019/05/03223543/ergoWhite-168x32.png]
[img.accordproject.org/wp-content/uploads/2019/06/10193039/feat-puzzle.png]
[img.accordproject.org/wp-content/uploads/2019/06/10193027/feat-code.png]
[img.accordproject.org/wp-content/uploads/2019/06/10193033/feat-document-2.png]
[img.accordproject.org/wp-content/uploads/2019/05/06004015/Ciceroblackmed2-107x26.png]
[www.accordproject.org/projects/ergo/index.html]
[www.accordproject.org/wp-json/oembed/1.0/embedf43b.json]
[www.accordproject.org/wp-json/oembed/1.0/embedbeaa]
[img.accordproject.org/wp-content/uploads/2019/09/19203832/concerto-temp-white-med-168x32.png]
[img.accordproject.org/wp-content/uploads/2019/09/20214152/concerto.png]
[www.accordproject.org/projects/concerto/index.html]
[www.accordproject.org/wp-json/oembed/1.0/embedae1c.json]
[www.accordproject.org/wp-json/oembed/1.0/embed944c]
[img.accordproject.org/wp-content/uploads/2019/06/06002903/templatestudioTall-168x32.png]
[img.accordproject.org/wp-content/uploads/2019/06/10193018/feat-arrow.png]
[www.accordproject.org/projects/template-studio/index.html]
[www.accordproject.org/wp-json/oembed/1.0/embedec8d.json]
[www.accordproject.org/wp-json/oembed/1.0/embedd4bf]
[img.accordproject.org/wp-content/uploads/2020/03/03155608/AP-quarter-update-01-960x298.png]
[img.accordproject.org/wp-content/uploads/2020/03/03154445/global-forum-1024x599.png]
[img.accordproject.org/wp-content/uploads/2020/03/03154501/demo-client-1024x636.png]
[img.accordproject.org/wp-content/uploads/2020/03/03154431/gsoc-ap-1024x654.png]
[img.accordproject.org/wp-content/uploads/2020/03/03160032/conditional-text-1024x510.png]
[www.accordproject.org/news/first-quarter-2020-update/index.html]
[www.accordproject.org/wp-json/oembed/1.0/embed90a0.json]
[www.accordproject.org/wp-json/oembed/1.0/embeda6d8]
[img.accordproject.org/wp-content/uploads/2019/11/12155900/AP-Q4-2019-960x298.png]
[www.accordproject.org/news/fourth-quarter-2019-update/index.html]
[www.accordproject.org/wp-json/oembed/1.0/embed7884.json]
[www.accordproject.org/wp-json/oembed/1.0/embedf1de]
[img.accordproject.org/wp-content/uploads/2019/09/01183436/1.-T-Shirt-Mockup.jpg]
[img.accordproject.org/wp-content/uploads/2019/09/01183500/sticker-mockup-srs.jpg]
[www.accordproject.org/events/hacktoberfest-2019/index.html]
[www.accordproject.org/wp-json/oembed/1.0/embed4855.json]
[www.accordproject.org/wp-json/oembed/1.0/embedaedf]
[www.accordproject.org/press-center/index.html]
[www.accordproject.org/wp-json/oembed/1.0/embed0009.json]
[www.accordproject.org/wp-json/oembed/1.0/embede574]
[www.accordproject.org/privacy/index.html]
[www.accordproject.org/index1c4a.html]
[www.accordproject.org/news/category/press-release/index.html]
[www.accordproject.org/news/the-accord-project-welcomes-magic-circle-law-firms/index.html]
[www.accordproject.org/news/linux-foundation-to-host-the-accord-project-to-develop-open-source-framework-for-smart-legal-contracts/index.html]
[www.accordproject.org/news/category/in-the-news/index.html]
[www.accordproject.org/news/category/blog/index.html]
[www.accordproject.org/news/category/release-notes/index.html]
[www.accordproject.org/news/category/event-content/index.html]
[www.accordproject.org/news/accord-project-expands-welcoming-more-global-law-firms/index.html]
[www.accordproject.org/news/category/in-the-news/page/2/index.html]
[www.accordproject.org/wp-json/oembed/1.0/embed2abd.json]
[www.accordproject.org/news/countdown-to-accord-project-forum-2019/index.html]
[www.accordproject.org/wp-json/oembed/1.0/embedac84]
[img.accordproject.org/wp-content/uploads/2019/11/06165156/AP-post.jpg]
[img.accordproject.org/wp-content/uploads/2019/11/06172601/ciceromark2.jpg]
[img.accordproject.org/wp-content/uploads/2019/11/05145305/Concerto-1024x910.png]
[www.accordproject.org/news/cicero-020/index.html]
[www.accordproject.org/wp-json/oembed/1.0/embed8ff2.json]
[www.accordproject.org/wp-json/oembed/1.0/embede174]
[img.accordproject.org/wp-content/uploads/2019/10/31195440/logo-hf19-full-10f3c000cea930c76acc1dedc516ea7118b95353220869a3051848e45ff1d656.png]
[www.accordproject.org/news/hacktoberfest-2019-completion/index.html]
[www.accordproject.org/wp-json/oembed/1.0/embedb046.json]
[www.accordproject.org/wp-json/oembed/1.0/embed7844]
[img.accordproject.org/wp-content/uploads/2019/10/01182757/featured-image_featured-image-960x615.png]
[www.accordproject.org/news/hacktoberfest2019-registration-open/index.html]
[www.accordproject.org/wp-json/oembed/1.0/embed7dd0.json]
[www.accordproject.org/wp-json/oembed/1.0/embede043]
[img.accordproject.org/wp-content/uploads/2019/09/02081023/Screenshot-2019-10-02-at-09.09.33-960x580.png]
[img.accordproject.org/wp-content/uploads/2019/09/17101838/concerto-form-300x240.png]
[www.accordproject.org/news/strongly-typed-data-for-javascript-and-beyond/index.html]
[www.accordproject.org/wp-json/oembed/1.0/embedd6b6.json]
[www.accordproject.org/wp-json/oembed/1.0/embedede9]
[img.accordproject.org/wp-content/uploads/2019/09/16111924/AP-3qupdate-image.png]
[www.accordproject.org/news/third-quarter-2019-update/index.html]
[www.accordproject.org/wp-json/oembed/1.0/embedbcbe.json]
[www.accordproject.org/wp-json/oembed/1.0/embed59eb]
[www.accordproject.org/news/smart-legal-contracts-on-corda/index.html]
[www.accordproject.org/wp-json/oembed/1.0/embedf84d.json]
[www.accordproject.org/wp-json/oembed/1.0/embed4580]
[www.accordproject.org/news/accord-project-forum-recordings/index.html]
[www.accordproject.org/news/page/2/index.html]
[www.accordproject.org/news/page/3/index.html]
[www.accordproject.org/indexa028.html]
[www.accordproject.org/index9cd7.html]
[www.accordproject.org/events/category/conference/index.html]
[www.accordproject.org/events/category/hack/index.html]
[www.accordproject.org/index5604.html]
[www.accordproject.org/working-groups/index.html]
[www.accordproject.org/index1905.html]
[www.accordproject.org/wp-json/oembed/1.0/embede197.json]
[www.accordproject.org/news/accord-project-announces-new-members-in-major-international-law-firms-ashurst-dla-piper-fasken-orrick-and-simmons-simmons/index.html]
[www.accordproject.org/events/accord-project-forum/index.html]
[www.accordproject.org/events/accord-project-forum-copy/index.html]
[www.accordproject.org/wp-json/oembed/1.0/embed5f3f]
[img.accordproject.org/wp-content/uploads/2019/08/02182112/Nevena.jpg]
[www.accordproject.org/working-groups/dispute-resolution/index.html]
[www.accordproject.org/wp-json/oembed/1.0/embed4424.json]
[www.accordproject.org/wp-json/oembed/1.0/embedf425]
[img.accordproject.org/wp-content/uploads/2019/08/02185113/philip.jpg]
[www.accordproject.org/working-groups/real-estate/index.html]
[www.accordproject.org/index2e8b.html]
[www.accordproject.org/indexa102.html]
[www.accordproject.org/index3d3f.html]
[www.accordproject.org/index391d.html]
[www.accordproject.org/indexd309.html]
[www.accordproject.org/index8af8.html]
[www.accordproject.org/indexaf4f.html]
[www.accordproject.org/index904c.html]
[www.accordproject.org/index1426.html]
[www.accordproject.org/wp-json/oembed/1.0/embed0922.json]
[www.accordproject.org/wp-json/oembed/1.0/embedd929]
[www.accordproject.org/news/linux-foundation-to-host-the-accord-project-to-develop-open-source-framework-for-smart-legal-contracts/index.html]
[www.accordproject.org/wp-json/oembed/1.0/embedb841.json]
[www.accordproject.org/wp-json/oembed/1.0/embed1de8]
[www.accordproject.org/news/the-accord-project-welcomes-magic-circle-law-firms/index.html]
[www.accordproject.org/wp-json/oembed/1.0/embede359.json]
[www.accordproject.org/wp-json/oembed/1.0/embeda47c]
[www.accordproject.org/news/accord-project-expands-welcoming-more-global-law-firms/index.html]
[www.accordproject.org/news/category/in-the-news/page/2/index.html]
[www.accordproject.org/wp-json/oembed/1.0/embeddcef.json]
[www.accordproject.org/wp-json/oembed/1.0/embeddda1]
[www.accordproject.org/news/countdown-to-accord-project-forum-2019/index.html]
[www.accordproject.org/index10e9.html]
[www.accordproject.org/indexb1e6.html]
[www.accordproject.org/indexaa37.html]
[www.accordproject.org/indexe481.html]
[www.accordproject.org/indexb33f.html]
[www.accordproject.org/index639e.html]
[www.accordproject.org/indexd699.html]
[www.accordproject.org/wp-json/oembed/1.0/embed3db3.json]
[www.accordproject.org/wp-json/oembed/1.0/embed1554]
[www.accordproject.org/news/accord-project-announces-new-members-in-major-international-law-firms-ashurst-dla-piper-fasken-orrick-and-simmons-simmons/index.html]
[www.accordproject.org/wp-json/oembed/1.0/embed9950.json]
[www.accordproject.org/wp-json/oembed/1.0/embed20af]
[www.accordproject.org/events/accord-project-forum-copy/index.html]
[www.accordproject.org/wp-json/oembed/1.0/embed675a.json]
[www.accordproject.org/wp-json/oembed/1.0/embed9225]
[www.accordproject.org/events/accord-project-forum/index.html]
[www.accordproject.org/indexfa5e.html]
[www.accordproject.org/index4535.html]
[www.accordproject.org/indexce54.html]
[www.accordproject.org/index78e6.html]
[www.accordproject.org/indexe196.html]
[www.accordproject.org/indexd909.html]
[www.accordproject.org/indexaffb.html]
[www.accordproject.org/index5df1.html]
[www.accordproject.org/index3f7a.html]
